// Jest Snapshot v1, https://goo.gl/fbAQLP

exports[`exact version builds minified ESM 1`] = `
"var n=function(){return n=Object.assign||function(n){for(var r,t=1,o=arguments.length;t<o;t++)for(var e in r=arguments[t])Object.prototype.hasOwnProperty.call(r,e)&&(n[e]=r[e]);return n},n.apply(this,arguments)};function r(){return window.__fpjs_d_m||console.log("Test"),n({},{})}export{r as test};
"
`;

exports[`exact version builds minified ESM 2`] = `
[
  {
    "value": ""dBhlDEIPIeluHpJTNf6LmEsi+1c"",
  },
]
`;

exports[`exact version builds unminified UMD with replacements 1`] = `
"(function (global, factory) {
    typeof exports === 'object' && typeof module !== 'undefined' ? factory(exports) :
    typeof define === 'function' && define.amd ? define(['exports'], factory) :
    (global = typeof globalThis !== 'undefined' ? globalThis : global || self, factory(global.FingerprintJS = {}));
})(this, (function (exports) { 'use strict';

    /******************************************************************************
    Copyright (c) Microsoft Corporation.

    Permission to use, copy, modify, and/or distribute this software for any
    purpose with or without fee is hereby granted.

    THE SOFTWARE IS PROVIDED "AS IS" AND THE AUTHOR DISCLAIMS ALL WARRANTIES WITH
    REGARD TO THIS SOFTWARE INCLUDING ALL IMPLIED WARRANTIES OF MERCHANTABILITY
    AND FITNESS. IN NO EVENT SHALL THE AUTHOR BE LIABLE FOR ANY SPECIAL, DIRECT,
    INDIRECT, OR CONSEQUENTIAL DAMAGES OR ANY DAMAGES WHATSOEVER RESULTING FROM
    LOSS OF USE, DATA OR PROFITS, WHETHER IN AN ACTION OF CONTRACT, NEGLIGENCE OR
    OTHER TORTIOUS ACTION, ARISING OUT OF OR IN CONNECTION WITH THE USE OR
    PERFORMANCE OF THIS SOFTWARE.
    ***************************************************************************** */

    var __assign = function() {
        __assign = Object.assign || function __assign(t) {
            for (var s, i = 1, n = arguments.length; i < n; i++) {
                s = arguments[i];
                for (var p in s) if (Object.prototype.hasOwnProperty.call(s, p)) t[p] = s[p];
            }
            return t;
        };
        return __assign.apply(this, arguments);
    };

    function test() {
      return __assign({}, {})
    }

    exports.test = test;

}));
"
`;

exports[`exact version builds unminified UMD with replacements 2`] = `
[
  {
    "value": ""HyvbPZ1n88H9T4PTPQ2W/FrdS60"",
  },
]
`;
